// Vitest Snapshot v1

exports[`FullNoun > renders the FullNoun with background 1`] = `
<svg
  height="320"
  shape-rendering="crispEdges"
  viewBox="0 0 320 320"
  width="320"
  xmlns="http://www.w3.org/2000/svg"
>
  <rect
    fill="#d5d7e1"
    height="100%"
    width="100%"
  />
  <rect
    fill="#9f4b27"
    height="10"
    width="40"
    x="120"
    y="50"
  />
  <rect
    fill="#9f4b27"
    height="10"
    width="40"
    x="170"
    y="50"
  />
  <rect
    fill="#9f4b27"
    height="10"
    width="50"
    x="100"
    y="60"
  />
  <rect
    fill="#903707"
    height="10"
    width="10"
    x="150"
    y="60"
  />
  <rect
    fill="#6e3206"
    height="10"
    width="10"
    x="160"
    y="60"
  />
  <rect
    fill="#903707"
    height="10"
    width="10"
    x="170"
    y="60"
  />
  <rect
    fill="#9f4b27"
    height="10"
    width="50"
    x="180"
    y="60"
  />
  <rect
    fill="#9f4b27"
    height="10"
    width="20"
    x="90"
    y="70"
  />
  <rect
    fill="#903707"
    height="10"
    width="10"
    x="110"
    y="70"
  />
  <rect
    fill="#9f4b27"
    height="10"
    width="30"
    x="120"
    y="70"
  />
  <rect
    fill="#903707"
    height="10"
    width="10"
    x="150"
    y="70"
  />
  <rect
    fill="#000000"
    height="10"
    width="10"
    x="160"
    y="70"
  />
  <rect
    fill="#903707"
    height="10"
    width="10"
    x="170"
    y="70"
  />
  <rect
    fill="#9f4b27"
    height="10"
    width="60"
    x="180"
    y="70"
  />
  <rect
    fill="#9f4b27"
    height="10"
    width="20"
    x="80"
    y="80"
  />
  <rect
    fill="#903707"
    height="10"
    width="10"
    x="100"
    y="80"
  />
  <rect
    fill="#9f4b27"
    height="10"
    width="40"
    x="110"
    y="80"
  />
  <rect
    fill="#903707"
    height="10"
    width="10"
    x="150"
    y="80"
  />
  <rect
    fill="#000000"
    height="10"
    width="10"
    x="160"
    y="80"
  />
  <rect
    fill="#903707"
    height="10"
    width="10"
    x="170"
    y="80"
  />
  <rect
    fill="#9f4b27"
    height="10"
    width="70"
    x="180"
    y="80"
  />
  <rect
    fill="#9f4b27"
    height="10"
    width="10"
    x="80"
    y="90"
  />
  <rect
    fill="#903707"
    height="10"
    width="10"
    x="90"
    y="90"
  />
  <rect
    fill="#9f4b27"
    height="10"
    width="50"
    x="100"
    y="90"
  />
  <rect
    fill="#903707"
    height="10"
    width="10"
    x="150"
    y="90"
  />
  <rect
    fill="#000000"
    height="10"
    width="10"
    x="160"
    y="90"
  />
  <rect
    fill="#903707"
    height="10"
    width="10"
    x="170"
    y="90"
  />
  <rect
    fill="#9f4b27"
    height="10"
    width="70"
    x="180"
    y="90"
  />
  <rect
    fill="#9f4b27"
    height="10"
    width="10"
    x="80"
    y="100"
  />
  <rect
    fill="#903707"
    height="10"
    width="10"
    x="90"
    y="100"
  />
  <rect
    fill="#9f4b27"
    height="10"
    width="50"
    x="100"
    y="100"
  />
  <rect
    fill="#903707"
    height="10"
    width="10"
    x="150"
    y="100"
  />
  <rect
    fill="#000000"
    height="10"
    width="10"
    x="160"
    y="100"
  />
  <rect
    fill="#903707"
    height="10"
    width="10"
    x="170"
    y="100"
  />
  <rect
    fill="#9f4b27"
    height="10"
    width="70"
    x="180"
    y="100"
  />
  <rect
    fill="#9f4b27"
    height="10"
    width="10"
    x="80"
    y="110"
  />
  <rect
    fill="#903707"
    height="10"
    width="10"
    x="90"
    y="110"
  />
  <rect
    fill="#9f4b27"
    height="10"
    width="50"
    x="100"
    y="110"
  />
  <rect
    fill="#903707"
    height="10"
    width="10"
    x="150"
    y="110"
  />
  <rect
    fill="#000000"
    height="10"
    width="10"
    x="160"
    y="110"
  />
  <rect
    fill="#903707"
    height="10"
    width="10"
    x="170"
    y="110"
  />
  <rect
    fill="#9f4b27"
    height="10"
    width="70"
    x="180"
    y="110"
  />
  <rect
    fill="#9f4b27"
    height="10"
    width="70"
    x="80"
    y="120"
  />
  <rect
    fill="#903707"
    height="10"
    width="10"
    x="150"
    y="120"
  />
  <rect
    fill="#000000"
    height="10"
    width="10"
    x="160"
    y="120"
  />
  <rect
    fill="#903707"
    height="10"
    width="10"
    x="170"
    y="120"
  />
  <rect
    fill="#9f4b27"
    height="10"
    width="70"
    x="180"
    y="120"
  />
  <rect
    fill="#9f4b27"
    height="10"
    width="70"
    x="80"
    y="130"
  />
  <rect
    fill="#903707"
    height="10"
    width="10"
    x="150"
    y="130"
  />
  <rect
    fill="#000000"
    height="10"
    width="10"
    x="160"
    y="130"
  />
  <rect
    fill="#903707"
    height="10"
    width="10"
    x="170"
    y="130"
  />
  <rect
    fill="#9f4b27"
    height="10"
    width="70"
    x="180"
    y="130"
  />
  <rect
    fill="#9f4b27"
    height="10"
    width="70"
    x="80"
    y="140"
  />
  <rect
    fill="#903707"
    height="10"
    width="10"
    x="150"
    y="140"
  />
  <rect
    fill="#000000"
    height="10"
    width="10"
    x="160"
    y="140"
  />
  <rect
    fill="#903707"
    height="10"
    width="10"
    x="170"
    y="140"
  />
  <rect
    fill="#9f4b27"
    height="10"
    width="70"
    x="180"
    y="140"
  />
  <rect
    fill="#9f4b27"
    height="10"
    width="70"
    x="80"
    y="150"
  />
  <rect
    fill="#903707"
    height="10"
    width="10"
    x="150"
    y="150"
  />
  <rect
    fill="#000000"
    height="10"
    width="10"
    x="160"
    y="150"
  />
  <rect
    fill="#903707"
    height="10"
    width="10"
    x="170"
    y="150"
  />
  <rect
    fill="#9f4b27"
    height="10"
    width="70"
    x="180"
    y="150"
  />
  <rect
    fill="#9f4b27"
    height="10"
    width="70"
    x="80"
    y="160"
  />
  <rect
    fill="#903707"
    height="10"
    width="10"
    x="150"
    y="160"
  />
  <rect
    fill="#000000"
    height="10"
    width="10"
    x="160"
    y="160"
  />
  <rect
    fill="#903707"
    height="10"
    width="10"
    x="170"
    y="160"
  />
  <rect
    fill="#9f4b27"
    height="10"
    width="70"
    x="180"
    y="160"
  />
  <rect
    fill="#9f4b27"
    height="10"
    width="70"
    x="80"
    y="170"
  />
  <rect
    fill="#903707"
    height="10"
    width="10"
    x="150"
    y="170"
  />
  <rect
    fill="#000000"
    height="10"
    width="10"
    x="160"
    y="170"
  />
  <rect
    fill="#903707"
    height="10"
    width="10"
    x="170"
    y="170"
  />
  <rect
    fill="#9f4b27"
    height="10"
    width="70"
    x="180"
    y="170"
  />
  <rect
    fill="#9f4b27"
    height="10"
    width="40"
    x="80"
    y="180"
  />
  <rect
    fill="#000000"
    height="10"
    width="30"
    x="120"
    y="180"
  />
  <rect
    fill="#903707"
    height="10"
    width="10"
    x="150"
    y="180"
  />
  <rect
    fill="#000000"
    height="10"
    width="10"
    x="160"
    y="180"
  />
  <rect
    fill="#903707"
    height="10"
    width="10"
    x="170"
    y="180"
  />
  <rect
    fill="#9f4b27"
    height="10"
    width="70"
    x="180"
    y="180"
  />
  <rect
    fill="#9f4b27"
    height="10"
    width="70"
    x="80"
    y="190"
  />
  <rect
    fill="#903707"
    height="10"
    width="10"
    x="150"
    y="190"
  />
  <rect
    fill="#000000"
    height="10"
    width="10"
    x="160"
    y="190"
  />
  <rect
    fill="#903707"
    height="10"
    width="10"
    x="170"
    y="190"
  />
  <rect
    fill="#9f4b27"
    height="10"
    width="70"
    x="180"
    y="190"
  />
  <rect
    fill="#9f4b27"
    height="10"
    width="60"
    x="90"
    y="200"
  />
  <rect
    fill="#903707"
    height="10"
    width="10"
    x="150"
    y="200"
  />
  <rect
    fill="#000000"
    height="10"
    width="10"
    x="160"
    y="200"
  />
  <rect
    fill="#903707"
    height="10"
    width="10"
    x="170"
    y="200"
  />
  <rect
    fill="#9f4b27"
    height="10"
    width="60"
    x="180"
    y="200"
  />
  <rect
    fill="#9f4b27"
    height="10"
    width="50"
    x="100"
    y="210"
  />
  <rect
    fill="#903707"
    height="10"
    width="10"
    x="150"
    y="210"
  />
  <rect
    fill="#6e3206"
    height="10"
    width="10"
    x="160"
    y="210"
  />
  <rect
    fill="#903707"
    height="10"
    width="10"
    x="170"
    y="210"
  />
  <rect
    fill="#9f4b27"
    height="10"
    width="50"
    x="180"
    y="210"
  />
  <rect
    fill="#9f4b27"
    height="10"
    width="40"
    x="120"
    y="220"
  />
  <rect
    fill="#9f4b27"
    height="10"
    width="40"
    x="170"
    y="220"
  />
  <rect
    fill="#000000"
    height="10"
    width="60"
    x="100"
    y="110"
  />
  <rect
    fill="#000000"
    height="10"
    width="60"
    x="170"
    y="110"
  />
  <rect
    fill="#000000"
    height="10"
    width="30"
    x="100"
    y="120"
  />
  <rect
    fill="#ff0e0e"
    height="10"
    width="10"
    x="130"
    y="120"
  />
  <rect
    fill="#000000"
    height="10"
    width="20"
    x="140"
    y="120"
  />
  <rect
    fill="#000000"
    height="10"
    width="30"
    x="170"
    y="120"
  />
  <rect
    fill="#ff0e0e"
    height="10"
    width="10"
    x="200"
    y="120"
  />
  <rect
    fill="#000000"
    height="10"
    width="20"
    x="210"
    y="120"
  />
  <rect
    fill="#000000"
    height="10"
    width="160"
    x="70"
    y="130"
  />
  <rect
    fill="#000000"
    height="10"
    width="10"
    x="70"
    y="140"
  />
  <rect
    fill="#000000"
    height="10"
    width="10"
    x="100"
    y="140"
  />
  <rect
    fill="#0adc4d"
    height="10"
    width="10"
    x="110"
    y="140"
  />
  <rect
    fill="#000000"
    height="10"
    width="20"
    x="120"
    y="140"
  />
  <rect
    fill="#1929f4"
    height="10"
    width="10"
    x="140"
    y="140"
  />
  <rect
    fill="#000000"
    height="10"
    width="10"
    x="150"
    y="140"
  />
  <rect
    fill="#000000"
    height="10"
    width="10"
    x="170"
    y="140"
  />
  <rect
    fill="#0adc4d"
    height="10"
    width="10"
    x="180"
    y="140"
  />
  <rect
    fill="#000000"
    height="10"
    width="20"
    x="190"
    y="140"
  />
  <rect
    fill="#1929f4"
    height="10"
    width="10"
    x="210"
    y="140"
  />
  <rect
    fill="#000000"
    height="10"
    width="10"
    x="220"
    y="140"
  />
  <rect
    fill="#000000"
    height="10"
    width="10"
    x="70"
    y="150"
  />
  <rect
    fill="#000000"
    height="10"
    width="60"
    x="100"
    y="150"
  />
  <rect
    fill="#000000"
    height="10"
    width="60"
    x="170"
    y="150"
  />
  <rect
    fill="#000000"
    height="10"
    width="60"
    x="100"
    y="160"
  />
  <rect
    fill="#000000"
    height="10"
    width="60"
    x="170"
    y="160"
  />
  <rect
    fill="#807f7e"
    height="10"
    width="140"
    x="90"
    y="210"
  />
  <rect
    fill="#807f7e"
    height="10"
    width="140"
    x="90"
    y="220"
  />
  <rect
    fill="#807f7e"
    height="10"
    width="140"
    x="90"
    y="230"
  />
  <rect
    fill="#807f7e"
    height="10"
    width="140"
    x="90"
    y="240"
  />
  <rect
    fill="#807f7e"
    height="10"
    width="20"
    x="90"
    y="250"
  />
  <rect
    fill="#807f7e"
    height="10"
    width="110"
    x="120"
    y="250"
  />
  <rect
    fill="#807f7e"
    height="10"
    width="20"
    x="90"
    y="260"
  />
  <rect
    fill="#807f7e"
    height="10"
    width="110"
    x="120"
    y="260"
  />
  <rect
    fill="#807f7e"
    height="10"
    width="20"
    x="90"
    y="270"
  />
  <rect
    fill="#807f7e"
    height="10"
    width="110"
    x="120"
    y="270"
  />
  <rect
    fill="#807f7e"
    height="10"
    width="20"
    x="90"
    y="280"
  />
  <rect
    fill="#807f7e"
    height="10"
    width="110"
    x="120"
    y="280"
  />
  <rect
    fill="#807f7e"
    height="10"
    width="20"
    x="90"
    y="290"
  />
  <rect
    fill="#807f7e"
    height="10"
    width="110"
    x="120"
    y="290"
  />
  <rect
    fill="#807f7e"
    height="10"
    width="20"
    x="90"
    y="300"
  />
  <rect
    fill="#807f7e"
    height="10"
    width="110"
    x="120"
    y="300"
  />
  <rect
    fill="#807f7e"
    height="10"
    width="20"
    x="90"
    y="310"
  />
  <rect
    fill="#807f7e"
    height="10"
    width="110"
    x="120"
    y="310"
  />
  <rect
    fill="#c4da53"
    height="10"
    width="10"
    x="140"
    y="230"
  />
  <rect
    fill="#c4da53"
    height="10"
    width="10"
    x="160"
    y="230"
  />
  <rect
    fill="#c4da53"
    height="10"
    width="20"
    x="130"
    y="250"
  />
  <rect
    fill="#c4da53"
    height="10"
    width="20"
    x="160"
    y="250"
  />
  <rect
    fill="#c4da53"
    height="10"
    width="20"
    x="130"
    y="270"
  />
  <rect
    fill="#c4da53"
    height="10"
    width="20"
    x="160"
    y="270"
  />
  <rect
    fill="#c4da53"
    height="10"
    width="20"
    x="130"
    y="290"
  />
  <rect
    fill="#c4da53"
    height="10"
    width="10"
    x="160"
    y="290"
  />
  <rect
    fill="#c4da53"
    height="10"
    width="10"
    x="140"
    y="300"
  />
</svg>
`;

exports[`FullNoun > renders the FullNoun without background 1`] = `
<svg
  height="320"
  shape-rendering="crispEdges"
  viewBox="0 0 320 320"
  width="320"
  xmlns="http://www.w3.org/2000/svg"
>
  <rect
    fill="#9f4b27"
    height="10"
    width="40"
    x="120"
    y="50"
  />
  <rect
    fill="#9f4b27"
    height="10"
    width="40"
    x="170"
    y="50"
  />
  <rect
    fill="#9f4b27"
    height="10"
    width="50"
    x="100"
    y="60"
  />
  <rect
    fill="#903707"
    height="10"
    width="10"
    x="150"
    y="60"
  />
  <rect
    fill="#6e3206"
    height="10"
    width="10"
    x="160"
    y="60"
  />
  <rect
    fill="#903707"
    height="10"
    width="10"
    x="170"
    y="60"
  />
  <rect
    fill="#9f4b27"
    height="10"
    width="50"
    x="180"
    y="60"
  />
  <rect
    fill="#9f4b27"
    height="10"
    width="20"
    x="90"
    y="70"
  />
  <rect
    fill="#903707"
    height="10"
    width="10"
    x="110"
    y="70"
  />
  <rect
    fill="#9f4b27"
    height="10"
    width="30"
    x="120"
    y="70"
  />
  <rect
    fill="#903707"
    height="10"
    width="10"
    x="150"
    y="70"
  />
  <rect
    fill="#000000"
    height="10"
    width="10"
    x="160"
    y="70"
  />
  <rect
    fill="#903707"
    height="10"
    width="10"
    x="170"
    y="70"
  />
  <rect
    fill="#9f4b27"
    height="10"
    width="60"
    x="180"
    y="70"
  />
  <rect
    fill="#9f4b27"
    height="10"
    width="20"
    x="80"
    y="80"
  />
  <rect
    fill="#903707"
    height="10"
    width="10"
    x="100"
    y="80"
  />
  <rect
    fill="#9f4b27"
    height="10"
    width="40"
    x="110"
    y="80"
  />
  <rect
    fill="#903707"
    height="10"
    width="10"
    x="150"
    y="80"
  />
  <rect
    fill="#000000"
    height="10"
    width="10"
    x="160"
    y="80"
  />
  <rect
    fill="#903707"
    height="10"
    width="10"
    x="170"
    y="80"
  />
  <rect
    fill="#9f4b27"
    height="10"
    width="70"
    x="180"
    y="80"
  />
  <rect
    fill="#9f4b27"
    height="10"
    width="10"
    x="80"
    y="90"
  />
  <rect
    fill="#903707"
    height="10"
    width="10"
    x="90"
    y="90"
  />
  <rect
    fill="#9f4b27"
    height="10"
    width="50"
    x="100"
    y="90"
  />
  <rect
    fill="#903707"
    height="10"
    width="10"
    x="150"
    y="90"
  />
  <rect
    fill="#000000"
    height="10"
    width="10"
    x="160"
    y="90"
  />
  <rect
    fill="#903707"
    height="10"
    width="10"
    x="170"
    y="90"
  />
  <rect
    fill="#9f4b27"
    height="10"
    width="70"
    x="180"
    y="90"
  />
  <rect
    fill="#9f4b27"
    height="10"
    width="10"
    x="80"
    y="100"
  />
  <rect
    fill="#903707"
    height="10"
    width="10"
    x="90"
    y="100"
  />
  <rect
    fill="#9f4b27"
    height="10"
    width="50"
    x="100"
    y="100"
  />
  <rect
    fill="#903707"
    height="10"
    width="10"
    x="150"
    y="100"
  />
  <rect
    fill="#000000"
    height="10"
    width="10"
    x="160"
    y="100"
  />
  <rect
    fill="#903707"
    height="10"
    width="10"
    x="170"
    y="100"
  />
  <rect
    fill="#9f4b27"
    height="10"
    width="70"
    x="180"
    y="100"
  />
  <rect
    fill="#9f4b27"
    height="10"
    width="10"
    x="80"
    y="110"
  />
  <rect
    fill="#903707"
    height="10"
    width="10"
    x="90"
    y="110"
  />
  <rect
    fill="#9f4b27"
    height="10"
    width="50"
    x="100"
    y="110"
  />
  <rect
    fill="#903707"
    height="10"
    width="10"
    x="150"
    y="110"
  />
  <rect
    fill="#000000"
    height="10"
    width="10"
    x="160"
    y="110"
  />
  <rect
    fill="#903707"
    height="10"
    width="10"
    x="170"
    y="110"
  />
  <rect
    fill="#9f4b27"
    height="10"
    width="70"
    x="180"
    y="110"
  />
  <rect
    fill="#9f4b27"
    height="10"
    width="70"
    x="80"
    y="120"
  />
  <rect
    fill="#903707"
    height="10"
    width="10"
    x="150"
    y="120"
  />
  <rect
    fill="#000000"
    height="10"
    width="10"
    x="160"
    y="120"
  />
  <rect
    fill="#903707"
    height="10"
    width="10"
    x="170"
    y="120"
  />
  <rect
    fill="#9f4b27"
    height="10"
    width="70"
    x="180"
    y="120"
  />
  <rect
    fill="#9f4b27"
    height="10"
    width="70"
    x="80"
    y="130"
  />
  <rect
    fill="#903707"
    height="10"
    width="10"
    x="150"
    y="130"
  />
  <rect
    fill="#000000"
    height="10"
    width="10"
    x="160"
    y="130"
  />
  <rect
    fill="#903707"
    height="10"
    width="10"
    x="170"
    y="130"
  />
  <rect
    fill="#9f4b27"
    height="10"
    width="70"
    x="180"
    y="130"
  />
  <rect
    fill="#9f4b27"
    height="10"
    width="70"
    x="80"
    y="140"
  />
  <rect
    fill="#903707"
    height="10"
    width="10"
    x="150"
    y="140"
  />
  <rect
    fill="#000000"
    height="10"
    width="10"
    x="160"
    y="140"
  />
  <rect
    fill="#903707"
    height="10"
    width="10"
    x="170"
    y="140"
  />
  <rect
    fill="#9f4b27"
    height="10"
    width="70"
    x="180"
    y="140"
  />
  <rect
    fill="#9f4b27"
    height="10"
    width="70"
    x="80"
    y="150"
  />
  <rect
    fill="#903707"
    height="10"
    width="10"
    x="150"
    y="150"
  />
  <rect
    fill="#000000"
    height="10"
    width="10"
    x="160"
    y="150"
  />
  <rect
    fill="#903707"
    height="10"
    width="10"
    x="170"
    y="150"
  />
  <rect
    fill="#9f4b27"
    height="10"
    width="70"
    x="180"
    y="150"
  />
  <rect
    fill="#9f4b27"
    height="10"
    width="70"
    x="80"
    y="160"
  />
  <rect
    fill="#903707"
    height="10"
    width="10"
    x="150"
    y="160"
  />
  <rect
    fill="#000000"
    height="10"
    width="10"
    x="160"
    y="160"
  />
  <rect
    fill="#903707"
    height="10"
    width="10"
    x="170"
    y="160"
  />
  <rect
    fill="#9f4b27"
    height="10"
    width="70"
    x="180"
    y="160"
  />
  <rect
    fill="#9f4b27"
    height="10"
    width="70"
    x="80"
    y="170"
  />
  <rect
    fill="#903707"
    height="10"
    width="10"
    x="150"
    y="170"
  />
  <rect
    fill="#000000"
    height="10"
    width="10"
    x="160"
    y="170"
  />
  <rect
    fill="#903707"
    height="10"
    width="10"
    x="170"
    y="170"
  />
  <rect
    fill="#9f4b27"
    height="10"
    width="70"
    x="180"
    y="170"
  />
  <rect
    fill="#9f4b27"
    height="10"
    width="40"
    x="80"
    y="180"
  />
  <rect
    fill="#000000"
    height="10"
    width="30"
    x="120"
    y="180"
  />
  <rect
    fill="#903707"
    height="10"
    width="10"
    x="150"
    y="180"
  />
  <rect
    fill="#000000"
    height="10"
    width="10"
    x="160"
    y="180"
  />
  <rect
    fill="#903707"
    height="10"
    width="10"
    x="170"
    y="180"
  />
  <rect
    fill="#9f4b27"
    height="10"
    width="70"
    x="180"
    y="180"
  />
  <rect
    fill="#9f4b27"
    height="10"
    width="70"
    x="80"
    y="190"
  />
  <rect
    fill="#903707"
    height="10"
    width="10"
    x="150"
    y="190"
  />
  <rect
    fill="#000000"
    height="10"
    width="10"
    x="160"
    y="190"
  />
  <rect
    fill="#903707"
    height="10"
    width="10"
    x="170"
    y="190"
  />
  <rect
    fill="#9f4b27"
    height="10"
    width="70"
    x="180"
    y="190"
  />
  <rect
    fill="#9f4b27"
    height="10"
    width="60"
    x="90"
    y="200"
  />
  <rect
    fill="#903707"
    height="10"
    width="10"
    x="150"
    y="200"
  />
  <rect
    fill="#000000"
    height="10"
    width="10"
    x="160"
    y="200"
  />
  <rect
    fill="#903707"
    height="10"
    width="10"
    x="170"
    y="200"
  />
  <rect
    fill="#9f4b27"
    height="10"
    width="60"
    x="180"
    y="200"
  />
  <rect
    fill="#9f4b27"
    height="10"
    width="50"
    x="100"
    y="210"
  />
  <rect
    fill="#903707"
    height="10"
    width="10"
    x="150"
    y="210"
  />
  <rect
    fill="#6e3206"
    height="10"
    width="10"
    x="160"
    y="210"
  />
  <rect
    fill="#903707"
    height="10"
    width="10"
    x="170"
    y="210"
  />
  <rect
    fill="#9f4b27"
    height="10"
    width="50"
    x="180"
    y="210"
  />
  <rect
    fill="#9f4b27"
    height="10"
    width="40"
    x="120"
    y="220"
  />
  <rect
    fill="#9f4b27"
    height="10"
    width="40"
    x="170"
    y="220"
  />
  <rect
    fill="#000000"
    height="10"
    width="60"
    x="100"
    y="110"
  />
  <rect
    fill="#000000"
    height="10"
    width="60"
    x="170"
    y="110"
  />
  <rect
    fill="#000000"
    height="10"
    width="30"
    x="100"
    y="120"
  />
  <rect
    fill="#ff0e0e"
    height="10"
    width="10"
    x="130"
    y="120"
  />
  <rect
    fill="#000000"
    height="10"
    width="20"
    x="140"
    y="120"
  />
  <rect
    fill="#000000"
    height="10"
    width="30"
    x="170"
    y="120"
  />
  <rect
    fill="#ff0e0e"
    height="10"
    width="10"
    x="200"
    y="120"
  />
  <rect
    fill="#000000"
    height="10"
    width="20"
    x="210"
    y="120"
  />
  <rect
    fill="#000000"
    height="10"
    width="160"
    x="70"
    y="130"
  />
  <rect
    fill="#000000"
    height="10"
    width="10"
    x="70"
    y="140"
  />
  <rect
    fill="#000000"
    height="10"
    width="10"
    x="100"
    y="140"
  />
  <rect
    fill="#0adc4d"
    height="10"
    width="10"
    x="110"
    y="140"
  />
  <rect
    fill="#000000"
    height="10"
    width="20"
    x="120"
    y="140"
  />
  <rect
    fill="#1929f4"
    height="10"
    width="10"
    x="140"
    y="140"
  />
  <rect
    fill="#000000"
    height="10"
    width="10"
    x="150"
    y="140"
  />
  <rect
    fill="#000000"
    height="10"
    width="10"
    x="170"
    y="140"
  />
  <rect
    fill="#0adc4d"
    height="10"
    width="10"
    x="180"
    y="140"
  />
  <rect
    fill="#000000"
    height="10"
    width="20"
    x="190"
    y="140"
  />
  <rect
    fill="#1929f4"
    height="10"
    width="10"
    x="210"
    y="140"
  />
  <rect
    fill="#000000"
    height="10"
    width="10"
    x="220"
    y="140"
  />
  <rect
    fill="#000000"
    height="10"
    width="10"
    x="70"
    y="150"
  />
  <rect
    fill="#000000"
    height="10"
    width="60"
    x="100"
    y="150"
  />
  <rect
    fill="#000000"
    height="10"
    width="60"
    x="170"
    y="150"
  />
  <rect
    fill="#000000"
    height="10"
    width="60"
    x="100"
    y="160"
  />
  <rect
    fill="#000000"
    height="10"
    width="60"
    x="170"
    y="160"
  />
  <rect
    fill="#807f7e"
    height="10"
    width="140"
    x="90"
    y="210"
  />
  <rect
    fill="#807f7e"
    height="10"
    width="140"
    x="90"
    y="220"
  />
  <rect
    fill="#807f7e"
    height="10"
    width="140"
    x="90"
    y="230"
  />
  <rect
    fill="#807f7e"
    height="10"
    width="140"
    x="90"
    y="240"
  />
  <rect
    fill="#807f7e"
    height="10"
    width="20"
    x="90"
    y="250"
  />
  <rect
    fill="#807f7e"
    height="10"
    width="110"
    x="120"
    y="250"
  />
  <rect
    fill="#807f7e"
    height="10"
    width="20"
    x="90"
    y="260"
  />
  <rect
    fill="#807f7e"
    height="10"
    width="110"
    x="120"
    y="260"
  />
  <rect
    fill="#807f7e"
    height="10"
    width="20"
    x="90"
    y="270"
  />
  <rect
    fill="#807f7e"
    height="10"
    width="110"
    x="120"
    y="270"
  />
  <rect
    fill="#807f7e"
    height="10"
    width="20"
    x="90"
    y="280"
  />
  <rect
    fill="#807f7e"
    height="10"
    width="110"
    x="120"
    y="280"
  />
  <rect
    fill="#807f7e"
    height="10"
    width="20"
    x="90"
    y="290"
  />
  <rect
    fill="#807f7e"
    height="10"
    width="110"
    x="120"
    y="290"
  />
  <rect
    fill="#807f7e"
    height="10"
    width="20"
    x="90"
    y="300"
  />
  <rect
    fill="#807f7e"
    height="10"
    width="110"
    x="120"
    y="300"
  />
  <rect
    fill="#807f7e"
    height="10"
    width="20"
    x="90"
    y="310"
  />
  <rect
    fill="#807f7e"
    height="10"
    width="110"
    x="120"
    y="310"
  />
  <rect
    fill="#c4da53"
    height="10"
    width="10"
    x="140"
    y="230"
  />
  <rect
    fill="#c4da53"
    height="10"
    width="10"
    x="160"
    y="230"
  />
  <rect
    fill="#c4da53"
    height="10"
    width="20"
    x="130"
    y="250"
  />
  <rect
    fill="#c4da53"
    height="10"
    width="20"
    x="160"
    y="250"
  />
  <rect
    fill="#c4da53"
    height="10"
    width="20"
    x="130"
    y="270"
  />
  <rect
    fill="#c4da53"
    height="10"
    width="20"
    x="160"
    y="270"
  />
  <rect
    fill="#c4da53"
    height="10"
    width="20"
    x="130"
    y="290"
  />
  <rect
    fill="#c4da53"
    height="10"
    width="10"
    x="160"
    y="290"
  />
  <rect
    fill="#c4da53"
    height="10"
    width="10"
    x="140"
    y="300"
  />
</svg>
`;

exports[`FullNoun > renders with Fullnoun with bounds fit 1`] = `
<svg
  height="270"
  shape-rendering="crispEdges"
  viewBox="70 50 180 270"
  width="180"
  xmlns="http://www.w3.org/2000/svg"
>
  <rect
    fill="#9f4b27"
    height="10"
    width="40"
    x="120"
    y="50"
  />
  <rect
    fill="#9f4b27"
    height="10"
    width="40"
    x="170"
    y="50"
  />
  <rect
    fill="#9f4b27"
    height="10"
    width="50"
    x="100"
    y="60"
  />
  <rect
    fill="#903707"
    height="10"
    width="10"
    x="150"
    y="60"
  />
  <rect
    fill="#6e3206"
    height="10"
    width="10"
    x="160"
    y="60"
  />
  <rect
    fill="#903707"
    height="10"
    width="10"
    x="170"
    y="60"
  />
  <rect
    fill="#9f4b27"
    height="10"
    width="50"
    x="180"
    y="60"
  />
  <rect
    fill="#9f4b27"
    height="10"
    width="20"
    x="90"
    y="70"
  />
  <rect
    fill="#903707"
    height="10"
    width="10"
    x="110"
    y="70"
  />
  <rect
    fill="#9f4b27"
    height="10"
    width="30"
    x="120"
    y="70"
  />
  <rect
    fill="#903707"
    height="10"
    width="10"
    x="150"
    y="70"
  />
  <rect
    fill="#000000"
    height="10"
    width="10"
    x="160"
    y="70"
  />
  <rect
    fill="#903707"
    height="10"
    width="10"
    x="170"
    y="70"
  />
  <rect
    fill="#9f4b27"
    height="10"
    width="60"
    x="180"
    y="70"
  />
  <rect
    fill="#9f4b27"
    height="10"
    width="20"
    x="80"
    y="80"
  />
  <rect
    fill="#903707"
    height="10"
    width="10"
    x="100"
    y="80"
  />
  <rect
    fill="#9f4b27"
    height="10"
    width="40"
    x="110"
    y="80"
  />
  <rect
    fill="#903707"
    height="10"
    width="10"
    x="150"
    y="80"
  />
  <rect
    fill="#000000"
    height="10"
    width="10"
    x="160"
    y="80"
  />
  <rect
    fill="#903707"
    height="10"
    width="10"
    x="170"
    y="80"
  />
  <rect
    fill="#9f4b27"
    height="10"
    width="70"
    x="180"
    y="80"
  />
  <rect
    fill="#9f4b27"
    height="10"
    width="10"
    x="80"
    y="90"
  />
  <rect
    fill="#903707"
    height="10"
    width="10"
    x="90"
    y="90"
  />
  <rect
    fill="#9f4b27"
    height="10"
    width="50"
    x="100"
    y="90"
  />
  <rect
    fill="#903707"
    height="10"
    width="10"
    x="150"
    y="90"
  />
  <rect
    fill="#000000"
    height="10"
    width="10"
    x="160"
    y="90"
  />
  <rect
    fill="#903707"
    height="10"
    width="10"
    x="170"
    y="90"
  />
  <rect
    fill="#9f4b27"
    height="10"
    width="70"
    x="180"
    y="90"
  />
  <rect
    fill="#9f4b27"
    height="10"
    width="10"
    x="80"
    y="100"
  />
  <rect
    fill="#903707"
    height="10"
    width="10"
    x="90"
    y="100"
  />
  <rect
    fill="#9f4b27"
    height="10"
    width="50"
    x="100"
    y="100"
  />
  <rect
    fill="#903707"
    height="10"
    width="10"
    x="150"
    y="100"
  />
  <rect
    fill="#000000"
    height="10"
    width="10"
    x="160"
    y="100"
  />
  <rect
    fill="#903707"
    height="10"
    width="10"
    x="170"
    y="100"
  />
  <rect
    fill="#9f4b27"
    height="10"
    width="70"
    x="180"
    y="100"
  />
  <rect
    fill="#9f4b27"
    height="10"
    width="10"
    x="80"
    y="110"
  />
  <rect
    fill="#903707"
    height="10"
    width="10"
    x="90"
    y="110"
  />
  <rect
    fill="#9f4b27"
    height="10"
    width="50"
    x="100"
    y="110"
  />
  <rect
    fill="#903707"
    height="10"
    width="10"
    x="150"
    y="110"
  />
  <rect
    fill="#000000"
    height="10"
    width="10"
    x="160"
    y="110"
  />
  <rect
    fill="#903707"
    height="10"
    width="10"
    x="170"
    y="110"
  />
  <rect
    fill="#9f4b27"
    height="10"
    width="70"
    x="180"
    y="110"
  />
  <rect
    fill="#9f4b27"
    height="10"
    width="70"
    x="80"
    y="120"
  />
  <rect
    fill="#903707"
    height="10"
    width="10"
    x="150"
    y="120"
  />
  <rect
    fill="#000000"
    height="10"
    width="10"
    x="160"
    y="120"
  />
  <rect
    fill="#903707"
    height="10"
    width="10"
    x="170"
    y="120"
  />
  <rect
    fill="#9f4b27"
    height="10"
    width="70"
    x="180"
    y="120"
  />
  <rect
    fill="#9f4b27"
    height="10"
    width="70"
    x="80"
    y="130"
  />
  <rect
    fill="#903707"
    height="10"
    width="10"
    x="150"
    y="130"
  />
  <rect
    fill="#000000"
    height="10"
    width="10"
    x="160"
    y="130"
  />
  <rect
    fill="#903707"
    height="10"
    width="10"
    x="170"
    y="130"
  />
  <rect
    fill="#9f4b27"
    height="10"
    width="70"
    x="180"
    y="130"
  />
  <rect
    fill="#9f4b27"
    height="10"
    width="70"
    x="80"
    y="140"
  />
  <rect
    fill="#903707"
    height="10"
    width="10"
    x="150"
    y="140"
  />
  <rect
    fill="#000000"
    height="10"
    width="10"
    x="160"
    y="140"
  />
  <rect
    fill="#903707"
    height="10"
    width="10"
    x="170"
    y="140"
  />
  <rect
    fill="#9f4b27"
    height="10"
    width="70"
    x="180"
    y="140"
  />
  <rect
    fill="#9f4b27"
    height="10"
    width="70"
    x="80"
    y="150"
  />
  <rect
    fill="#903707"
    height="10"
    width="10"
    x="150"
    y="150"
  />
  <rect
    fill="#000000"
    height="10"
    width="10"
    x="160"
    y="150"
  />
  <rect
    fill="#903707"
    height="10"
    width="10"
    x="170"
    y="150"
  />
  <rect
    fill="#9f4b27"
    height="10"
    width="70"
    x="180"
    y="150"
  />
  <rect
    fill="#9f4b27"
    height="10"
    width="70"
    x="80"
    y="160"
  />
  <rect
    fill="#903707"
    height="10"
    width="10"
    x="150"
    y="160"
  />
  <rect
    fill="#000000"
    height="10"
    width="10"
    x="160"
    y="160"
  />
  <rect
    fill="#903707"
    height="10"
    width="10"
    x="170"
    y="160"
  />
  <rect
    fill="#9f4b27"
    height="10"
    width="70"
    x="180"
    y="160"
  />
  <rect
    fill="#9f4b27"
    height="10"
    width="70"
    x="80"
    y="170"
  />
  <rect
    fill="#903707"
    height="10"
    width="10"
    x="150"
    y="170"
  />
  <rect
    fill="#000000"
    height="10"
    width="10"
    x="160"
    y="170"
  />
  <rect
    fill="#903707"
    height="10"
    width="10"
    x="170"
    y="170"
  />
  <rect
    fill="#9f4b27"
    height="10"
    width="70"
    x="180"
    y="170"
  />
  <rect
    fill="#9f4b27"
    height="10"
    width="40"
    x="80"
    y="180"
  />
  <rect
    fill="#000000"
    height="10"
    width="30"
    x="120"
    y="180"
  />
  <rect
    fill="#903707"
    height="10"
    width="10"
    x="150"
    y="180"
  />
  <rect
    fill="#000000"
    height="10"
    width="10"
    x="160"
    y="180"
  />
  <rect
    fill="#903707"
    height="10"
    width="10"
    x="170"
    y="180"
  />
  <rect
    fill="#9f4b27"
    height="10"
    width="70"
    x="180"
    y="180"
  />
  <rect
    fill="#9f4b27"
    height="10"
    width="70"
    x="80"
    y="190"
  />
  <rect
    fill="#903707"
    height="10"
    width="10"
    x="150"
    y="190"
  />
  <rect
    fill="#000000"
    height="10"
    width="10"
    x="160"
    y="190"
  />
  <rect
    fill="#903707"
    height="10"
    width="10"
    x="170"
    y="190"
  />
  <rect
    fill="#9f4b27"
    height="10"
    width="70"
    x="180"
    y="190"
  />
  <rect
    fill="#9f4b27"
    height="10"
    width="60"
    x="90"
    y="200"
  />
  <rect
    fill="#903707"
    height="10"
    width="10"
    x="150"
    y="200"
  />
  <rect
    fill="#000000"
    height="10"
    width="10"
    x="160"
    y="200"
  />
  <rect
    fill="#903707"
    height="10"
    width="10"
    x="170"
    y="200"
  />
  <rect
    fill="#9f4b27"
    height="10"
    width="60"
    x="180"
    y="200"
  />
  <rect
    fill="#9f4b27"
    height="10"
    width="50"
    x="100"
    y="210"
  />
  <rect
    fill="#903707"
    height="10"
    width="10"
    x="150"
    y="210"
  />
  <rect
    fill="#6e3206"
    height="10"
    width="10"
    x="160"
    y="210"
  />
  <rect
    fill="#903707"
    height="10"
    width="10"
    x="170"
    y="210"
  />
  <rect
    fill="#9f4b27"
    height="10"
    width="50"
    x="180"
    y="210"
  />
  <rect
    fill="#9f4b27"
    height="10"
    width="40"
    x="120"
    y="220"
  />
  <rect
    fill="#9f4b27"
    height="10"
    width="40"
    x="170"
    y="220"
  />
  <rect
    fill="#000000"
    height="10"
    width="60"
    x="100"
    y="110"
  />
  <rect
    fill="#000000"
    height="10"
    width="60"
    x="170"
    y="110"
  />
  <rect
    fill="#000000"
    height="10"
    width="30"
    x="100"
    y="120"
  />
  <rect
    fill="#ff0e0e"
    height="10"
    width="10"
    x="130"
    y="120"
  />
  <rect
    fill="#000000"
    height="10"
    width="20"
    x="140"
    y="120"
  />
  <rect
    fill="#000000"
    height="10"
    width="30"
    x="170"
    y="120"
  />
  <rect
    fill="#ff0e0e"
    height="10"
    width="10"
    x="200"
    y="120"
  />
  <rect
    fill="#000000"
    height="10"
    width="20"
    x="210"
    y="120"
  />
  <rect
    fill="#000000"
    height="10"
    width="160"
    x="70"
    y="130"
  />
  <rect
    fill="#000000"
    height="10"
    width="10"
    x="70"
    y="140"
  />
  <rect
    fill="#000000"
    height="10"
    width="10"
    x="100"
    y="140"
  />
  <rect
    fill="#0adc4d"
    height="10"
    width="10"
    x="110"
    y="140"
  />
  <rect
    fill="#000000"
    height="10"
    width="20"
    x="120"
    y="140"
  />
  <rect
    fill="#1929f4"
    height="10"
    width="10"
    x="140"
    y="140"
  />
  <rect
    fill="#000000"
    height="10"
    width="10"
    x="150"
    y="140"
  />
  <rect
    fill="#000000"
    height="10"
    width="10"
    x="170"
    y="140"
  />
  <rect
    fill="#0adc4d"
    height="10"
    width="10"
    x="180"
    y="140"
  />
  <rect
    fill="#000000"
    height="10"
    width="20"
    x="190"
    y="140"
  />
  <rect
    fill="#1929f4"
    height="10"
    width="10"
    x="210"
    y="140"
  />
  <rect
    fill="#000000"
    height="10"
    width="10"
    x="220"
    y="140"
  />
  <rect
    fill="#000000"
    height="10"
    width="10"
    x="70"
    y="150"
  />
  <rect
    fill="#000000"
    height="10"
    width="60"
    x="100"
    y="150"
  />
  <rect
    fill="#000000"
    height="10"
    width="60"
    x="170"
    y="150"
  />
  <rect
    fill="#000000"
    height="10"
    width="60"
    x="100"
    y="160"
  />
  <rect
    fill="#000000"
    height="10"
    width="60"
    x="170"
    y="160"
  />
  <rect
    fill="#807f7e"
    height="10"
    width="140"
    x="90"
    y="210"
  />
  <rect
    fill="#807f7e"
    height="10"
    width="140"
    x="90"
    y="220"
  />
  <rect
    fill="#807f7e"
    height="10"
    width="140"
    x="90"
    y="230"
  />
  <rect
    fill="#807f7e"
    height="10"
    width="140"
    x="90"
    y="240"
  />
  <rect
    fill="#807f7e"
    height="10"
    width="20"
    x="90"
    y="250"
  />
  <rect
    fill="#807f7e"
    height="10"
    width="110"
    x="120"
    y="250"
  />
  <rect
    fill="#807f7e"
    height="10"
    width="20"
    x="90"
    y="260"
  />
  <rect
    fill="#807f7e"
    height="10"
    width="110"
    x="120"
    y="260"
  />
  <rect
    fill="#807f7e"
    height="10"
    width="20"
    x="90"
    y="270"
  />
  <rect
    fill="#807f7e"
    height="10"
    width="110"
    x="120"
    y="270"
  />
  <rect
    fill="#807f7e"
    height="10"
    width="20"
    x="90"
    y="280"
  />
  <rect
    fill="#807f7e"
    height="10"
    width="110"
    x="120"
    y="280"
  />
  <rect
    fill="#807f7e"
    height="10"
    width="20"
    x="90"
    y="290"
  />
  <rect
    fill="#807f7e"
    height="10"
    width="110"
    x="120"
    y="290"
  />
  <rect
    fill="#807f7e"
    height="10"
    width="20"
    x="90"
    y="300"
  />
  <rect
    fill="#807f7e"
    height="10"
    width="110"
    x="120"
    y="300"
  />
  <rect
    fill="#807f7e"
    height="10"
    width="20"
    x="90"
    y="310"
  />
  <rect
    fill="#807f7e"
    height="10"
    width="110"
    x="120"
    y="310"
  />
  <rect
    fill="#c4da53"
    height="10"
    width="10"
    x="140"
    y="230"
  />
  <rect
    fill="#c4da53"
    height="10"
    width="10"
    x="160"
    y="230"
  />
  <rect
    fill="#c4da53"
    height="10"
    width="20"
    x="130"
    y="250"
  />
  <rect
    fill="#c4da53"
    height="10"
    width="20"
    x="160"
    y="250"
  />
  <rect
    fill="#c4da53"
    height="10"
    width="20"
    x="130"
    y="270"
  />
  <rect
    fill="#c4da53"
    height="10"
    width="20"
    x="160"
    y="270"
  />
  <rect
    fill="#c4da53"
    height="10"
    width="20"
    x="130"
    y="290"
  />
  <rect
    fill="#c4da53"
    height="10"
    width="10"
    x="160"
    y="290"
  />
  <rect
    fill="#c4da53"
    height="10"
    width="10"
    x="140"
    y="300"
  />
</svg>
`;
