// Vitest Snapshot v1

exports[`NounHead > renders the NounHead with background 1`] = `
<svg
  height="320"
  shape-rendering="crispEdges"
  viewBox="0 0 320 320"
  width="320"
  xmlns="http://www.w3.org/2000/svg"
>
  <rect
    fill="#d5d7e1"
    height="100%"
    width="100%"
  />
  <rect
    fill="#9f4b27"
    height="10"
    width="40"
    x="120"
    y="50"
  />
  <rect
    fill="#9f4b27"
    height="10"
    width="40"
    x="170"
    y="50"
  />
  <rect
    fill="#9f4b27"
    height="10"
    width="50"
    x="100"
    y="60"
  />
  <rect
    fill="#903707"
    height="10"
    width="10"
    x="150"
    y="60"
  />
  <rect
    fill="#6e3206"
    height="10"
    width="10"
    x="160"
    y="60"
  />
  <rect
    fill="#903707"
    height="10"
    width="10"
    x="170"
    y="60"
  />
  <rect
    fill="#9f4b27"
    height="10"
    width="50"
    x="180"
    y="60"
  />
  <rect
    fill="#9f4b27"
    height="10"
    width="20"
    x="90"
    y="70"
  />
  <rect
    fill="#903707"
    height="10"
    width="10"
    x="110"
    y="70"
  />
  <rect
    fill="#9f4b27"
    height="10"
    width="30"
    x="120"
    y="70"
  />
  <rect
    fill="#903707"
    height="10"
    width="10"
    x="150"
    y="70"
  />
  <rect
    fill="#000000"
    height="10"
    width="10"
    x="160"
    y="70"
  />
  <rect
    fill="#903707"
    height="10"
    width="10"
    x="170"
    y="70"
  />
  <rect
    fill="#9f4b27"
    height="10"
    width="60"
    x="180"
    y="70"
  />
  <rect
    fill="#9f4b27"
    height="10"
    width="20"
    x="80"
    y="80"
  />
  <rect
    fill="#903707"
    height="10"
    width="10"
    x="100"
    y="80"
  />
  <rect
    fill="#9f4b27"
    height="10"
    width="40"
    x="110"
    y="80"
  />
  <rect
    fill="#903707"
    height="10"
    width="10"
    x="150"
    y="80"
  />
  <rect
    fill="#000000"
    height="10"
    width="10"
    x="160"
    y="80"
  />
  <rect
    fill="#903707"
    height="10"
    width="10"
    x="170"
    y="80"
  />
  <rect
    fill="#9f4b27"
    height="10"
    width="70"
    x="180"
    y="80"
  />
  <rect
    fill="#9f4b27"
    height="10"
    width="10"
    x="80"
    y="90"
  />
  <rect
    fill="#903707"
    height="10"
    width="10"
    x="90"
    y="90"
  />
  <rect
    fill="#9f4b27"
    height="10"
    width="50"
    x="100"
    y="90"
  />
  <rect
    fill="#903707"
    height="10"
    width="10"
    x="150"
    y="90"
  />
  <rect
    fill="#000000"
    height="10"
    width="10"
    x="160"
    y="90"
  />
  <rect
    fill="#903707"
    height="10"
    width="10"
    x="170"
    y="90"
  />
  <rect
    fill="#9f4b27"
    height="10"
    width="70"
    x="180"
    y="90"
  />
  <rect
    fill="#9f4b27"
    height="10"
    width="10"
    x="80"
    y="100"
  />
  <rect
    fill="#903707"
    height="10"
    width="10"
    x="90"
    y="100"
  />
  <rect
    fill="#9f4b27"
    height="10"
    width="50"
    x="100"
    y="100"
  />
  <rect
    fill="#903707"
    height="10"
    width="10"
    x="150"
    y="100"
  />
  <rect
    fill="#000000"
    height="10"
    width="10"
    x="160"
    y="100"
  />
  <rect
    fill="#903707"
    height="10"
    width="10"
    x="170"
    y="100"
  />
  <rect
    fill="#9f4b27"
    height="10"
    width="70"
    x="180"
    y="100"
  />
  <rect
    fill="#9f4b27"
    height="10"
    width="10"
    x="80"
    y="110"
  />
  <rect
    fill="#903707"
    height="10"
    width="10"
    x="90"
    y="110"
  />
  <rect
    fill="#9f4b27"
    height="10"
    width="50"
    x="100"
    y="110"
  />
  <rect
    fill="#903707"
    height="10"
    width="10"
    x="150"
    y="110"
  />
  <rect
    fill="#000000"
    height="10"
    width="10"
    x="160"
    y="110"
  />
  <rect
    fill="#903707"
    height="10"
    width="10"
    x="170"
    y="110"
  />
  <rect
    fill="#9f4b27"
    height="10"
    width="70"
    x="180"
    y="110"
  />
  <rect
    fill="#9f4b27"
    height="10"
    width="70"
    x="80"
    y="120"
  />
  <rect
    fill="#903707"
    height="10"
    width="10"
    x="150"
    y="120"
  />
  <rect
    fill="#000000"
    height="10"
    width="10"
    x="160"
    y="120"
  />
  <rect
    fill="#903707"
    height="10"
    width="10"
    x="170"
    y="120"
  />
  <rect
    fill="#9f4b27"
    height="10"
    width="70"
    x="180"
    y="120"
  />
  <rect
    fill="#9f4b27"
    height="10"
    width="70"
    x="80"
    y="130"
  />
  <rect
    fill="#903707"
    height="10"
    width="10"
    x="150"
    y="130"
  />
  <rect
    fill="#000000"
    height="10"
    width="10"
    x="160"
    y="130"
  />
  <rect
    fill="#903707"
    height="10"
    width="10"
    x="170"
    y="130"
  />
  <rect
    fill="#9f4b27"
    height="10"
    width="70"
    x="180"
    y="130"
  />
  <rect
    fill="#9f4b27"
    height="10"
    width="70"
    x="80"
    y="140"
  />
  <rect
    fill="#903707"
    height="10"
    width="10"
    x="150"
    y="140"
  />
  <rect
    fill="#000000"
    height="10"
    width="10"
    x="160"
    y="140"
  />
  <rect
    fill="#903707"
    height="10"
    width="10"
    x="170"
    y="140"
  />
  <rect
    fill="#9f4b27"
    height="10"
    width="70"
    x="180"
    y="140"
  />
  <rect
    fill="#9f4b27"
    height="10"
    width="70"
    x="80"
    y="150"
  />
  <rect
    fill="#903707"
    height="10"
    width="10"
    x="150"
    y="150"
  />
  <rect
    fill="#000000"
    height="10"
    width="10"
    x="160"
    y="150"
  />
  <rect
    fill="#903707"
    height="10"
    width="10"
    x="170"
    y="150"
  />
  <rect
    fill="#9f4b27"
    height="10"
    width="70"
    x="180"
    y="150"
  />
  <rect
    fill="#9f4b27"
    height="10"
    width="70"
    x="80"
    y="160"
  />
  <rect
    fill="#903707"
    height="10"
    width="10"
    x="150"
    y="160"
  />
  <rect
    fill="#000000"
    height="10"
    width="10"
    x="160"
    y="160"
  />
  <rect
    fill="#903707"
    height="10"
    width="10"
    x="170"
    y="160"
  />
  <rect
    fill="#9f4b27"
    height="10"
    width="70"
    x="180"
    y="160"
  />
  <rect
    fill="#9f4b27"
    height="10"
    width="70"
    x="80"
    y="170"
  />
  <rect
    fill="#903707"
    height="10"
    width="10"
    x="150"
    y="170"
  />
  <rect
    fill="#000000"
    height="10"
    width="10"
    x="160"
    y="170"
  />
  <rect
    fill="#903707"
    height="10"
    width="10"
    x="170"
    y="170"
  />
  <rect
    fill="#9f4b27"
    height="10"
    width="70"
    x="180"
    y="170"
  />
  <rect
    fill="#9f4b27"
    height="10"
    width="40"
    x="80"
    y="180"
  />
  <rect
    fill="#000000"
    height="10"
    width="30"
    x="120"
    y="180"
  />
  <rect
    fill="#903707"
    height="10"
    width="10"
    x="150"
    y="180"
  />
  <rect
    fill="#000000"
    height="10"
    width="10"
    x="160"
    y="180"
  />
  <rect
    fill="#903707"
    height="10"
    width="10"
    x="170"
    y="180"
  />
  <rect
    fill="#9f4b27"
    height="10"
    width="70"
    x="180"
    y="180"
  />
  <rect
    fill="#9f4b27"
    height="10"
    width="70"
    x="80"
    y="190"
  />
  <rect
    fill="#903707"
    height="10"
    width="10"
    x="150"
    y="190"
  />
  <rect
    fill="#000000"
    height="10"
    width="10"
    x="160"
    y="190"
  />
  <rect
    fill="#903707"
    height="10"
    width="10"
    x="170"
    y="190"
  />
  <rect
    fill="#9f4b27"
    height="10"
    width="70"
    x="180"
    y="190"
  />
  <rect
    fill="#9f4b27"
    height="10"
    width="60"
    x="90"
    y="200"
  />
  <rect
    fill="#903707"
    height="10"
    width="10"
    x="150"
    y="200"
  />
  <rect
    fill="#000000"
    height="10"
    width="10"
    x="160"
    y="200"
  />
  <rect
    fill="#903707"
    height="10"
    width="10"
    x="170"
    y="200"
  />
  <rect
    fill="#9f4b27"
    height="10"
    width="60"
    x="180"
    y="200"
  />
  <rect
    fill="#9f4b27"
    height="10"
    width="50"
    x="100"
    y="210"
  />
  <rect
    fill="#903707"
    height="10"
    width="10"
    x="150"
    y="210"
  />
  <rect
    fill="#6e3206"
    height="10"
    width="10"
    x="160"
    y="210"
  />
  <rect
    fill="#903707"
    height="10"
    width="10"
    x="170"
    y="210"
  />
  <rect
    fill="#9f4b27"
    height="10"
    width="50"
    x="180"
    y="210"
  />
  <rect
    fill="#9f4b27"
    height="10"
    width="40"
    x="120"
    y="220"
  />
  <rect
    fill="#9f4b27"
    height="10"
    width="40"
    x="170"
    y="220"
  />
</svg>
`;

exports[`NounHead > renders the NounHead without background 1`] = `
<svg
  height="320"
  shape-rendering="crispEdges"
  viewBox="0 0 320 320"
  width="320"
  xmlns="http://www.w3.org/2000/svg"
>
  <rect
    fill="#9f4b27"
    height="10"
    width="40"
    x="120"
    y="50"
  />
  <rect
    fill="#9f4b27"
    height="10"
    width="40"
    x="170"
    y="50"
  />
  <rect
    fill="#9f4b27"
    height="10"
    width="50"
    x="100"
    y="60"
  />
  <rect
    fill="#903707"
    height="10"
    width="10"
    x="150"
    y="60"
  />
  <rect
    fill="#6e3206"
    height="10"
    width="10"
    x="160"
    y="60"
  />
  <rect
    fill="#903707"
    height="10"
    width="10"
    x="170"
    y="60"
  />
  <rect
    fill="#9f4b27"
    height="10"
    width="50"
    x="180"
    y="60"
  />
  <rect
    fill="#9f4b27"
    height="10"
    width="20"
    x="90"
    y="70"
  />
  <rect
    fill="#903707"
    height="10"
    width="10"
    x="110"
    y="70"
  />
  <rect
    fill="#9f4b27"
    height="10"
    width="30"
    x="120"
    y="70"
  />
  <rect
    fill="#903707"
    height="10"
    width="10"
    x="150"
    y="70"
  />
  <rect
    fill="#000000"
    height="10"
    width="10"
    x="160"
    y="70"
  />
  <rect
    fill="#903707"
    height="10"
    width="10"
    x="170"
    y="70"
  />
  <rect
    fill="#9f4b27"
    height="10"
    width="60"
    x="180"
    y="70"
  />
  <rect
    fill="#9f4b27"
    height="10"
    width="20"
    x="80"
    y="80"
  />
  <rect
    fill="#903707"
    height="10"
    width="10"
    x="100"
    y="80"
  />
  <rect
    fill="#9f4b27"
    height="10"
    width="40"
    x="110"
    y="80"
  />
  <rect
    fill="#903707"
    height="10"
    width="10"
    x="150"
    y="80"
  />
  <rect
    fill="#000000"
    height="10"
    width="10"
    x="160"
    y="80"
  />
  <rect
    fill="#903707"
    height="10"
    width="10"
    x="170"
    y="80"
  />
  <rect
    fill="#9f4b27"
    height="10"
    width="70"
    x="180"
    y="80"
  />
  <rect
    fill="#9f4b27"
    height="10"
    width="10"
    x="80"
    y="90"
  />
  <rect
    fill="#903707"
    height="10"
    width="10"
    x="90"
    y="90"
  />
  <rect
    fill="#9f4b27"
    height="10"
    width="50"
    x="100"
    y="90"
  />
  <rect
    fill="#903707"
    height="10"
    width="10"
    x="150"
    y="90"
  />
  <rect
    fill="#000000"
    height="10"
    width="10"
    x="160"
    y="90"
  />
  <rect
    fill="#903707"
    height="10"
    width="10"
    x="170"
    y="90"
  />
  <rect
    fill="#9f4b27"
    height="10"
    width="70"
    x="180"
    y="90"
  />
  <rect
    fill="#9f4b27"
    height="10"
    width="10"
    x="80"
    y="100"
  />
  <rect
    fill="#903707"
    height="10"
    width="10"
    x="90"
    y="100"
  />
  <rect
    fill="#9f4b27"
    height="10"
    width="50"
    x="100"
    y="100"
  />
  <rect
    fill="#903707"
    height="10"
    width="10"
    x="150"
    y="100"
  />
  <rect
    fill="#000000"
    height="10"
    width="10"
    x="160"
    y="100"
  />
  <rect
    fill="#903707"
    height="10"
    width="10"
    x="170"
    y="100"
  />
  <rect
    fill="#9f4b27"
    height="10"
    width="70"
    x="180"
    y="100"
  />
  <rect
    fill="#9f4b27"
    height="10"
    width="10"
    x="80"
    y="110"
  />
  <rect
    fill="#903707"
    height="10"
    width="10"
    x="90"
    y="110"
  />
  <rect
    fill="#9f4b27"
    height="10"
    width="50"
    x="100"
    y="110"
  />
  <rect
    fill="#903707"
    height="10"
    width="10"
    x="150"
    y="110"
  />
  <rect
    fill="#000000"
    height="10"
    width="10"
    x="160"
    y="110"
  />
  <rect
    fill="#903707"
    height="10"
    width="10"
    x="170"
    y="110"
  />
  <rect
    fill="#9f4b27"
    height="10"
    width="70"
    x="180"
    y="110"
  />
  <rect
    fill="#9f4b27"
    height="10"
    width="70"
    x="80"
    y="120"
  />
  <rect
    fill="#903707"
    height="10"
    width="10"
    x="150"
    y="120"
  />
  <rect
    fill="#000000"
    height="10"
    width="10"
    x="160"
    y="120"
  />
  <rect
    fill="#903707"
    height="10"
    width="10"
    x="170"
    y="120"
  />
  <rect
    fill="#9f4b27"
    height="10"
    width="70"
    x="180"
    y="120"
  />
  <rect
    fill="#9f4b27"
    height="10"
    width="70"
    x="80"
    y="130"
  />
  <rect
    fill="#903707"
    height="10"
    width="10"
    x="150"
    y="130"
  />
  <rect
    fill="#000000"
    height="10"
    width="10"
    x="160"
    y="130"
  />
  <rect
    fill="#903707"
    height="10"
    width="10"
    x="170"
    y="130"
  />
  <rect
    fill="#9f4b27"
    height="10"
    width="70"
    x="180"
    y="130"
  />
  <rect
    fill="#9f4b27"
    height="10"
    width="70"
    x="80"
    y="140"
  />
  <rect
    fill="#903707"
    height="10"
    width="10"
    x="150"
    y="140"
  />
  <rect
    fill="#000000"
    height="10"
    width="10"
    x="160"
    y="140"
  />
  <rect
    fill="#903707"
    height="10"
    width="10"
    x="170"
    y="140"
  />
  <rect
    fill="#9f4b27"
    height="10"
    width="70"
    x="180"
    y="140"
  />
  <rect
    fill="#9f4b27"
    height="10"
    width="70"
    x="80"
    y="150"
  />
  <rect
    fill="#903707"
    height="10"
    width="10"
    x="150"
    y="150"
  />
  <rect
    fill="#000000"
    height="10"
    width="10"
    x="160"
    y="150"
  />
  <rect
    fill="#903707"
    height="10"
    width="10"
    x="170"
    y="150"
  />
  <rect
    fill="#9f4b27"
    height="10"
    width="70"
    x="180"
    y="150"
  />
  <rect
    fill="#9f4b27"
    height="10"
    width="70"
    x="80"
    y="160"
  />
  <rect
    fill="#903707"
    height="10"
    width="10"
    x="150"
    y="160"
  />
  <rect
    fill="#000000"
    height="10"
    width="10"
    x="160"
    y="160"
  />
  <rect
    fill="#903707"
    height="10"
    width="10"
    x="170"
    y="160"
  />
  <rect
    fill="#9f4b27"
    height="10"
    width="70"
    x="180"
    y="160"
  />
  <rect
    fill="#9f4b27"
    height="10"
    width="70"
    x="80"
    y="170"
  />
  <rect
    fill="#903707"
    height="10"
    width="10"
    x="150"
    y="170"
  />
  <rect
    fill="#000000"
    height="10"
    width="10"
    x="160"
    y="170"
  />
  <rect
    fill="#903707"
    height="10"
    width="10"
    x="170"
    y="170"
  />
  <rect
    fill="#9f4b27"
    height="10"
    width="70"
    x="180"
    y="170"
  />
  <rect
    fill="#9f4b27"
    height="10"
    width="40"
    x="80"
    y="180"
  />
  <rect
    fill="#000000"
    height="10"
    width="30"
    x="120"
    y="180"
  />
  <rect
    fill="#903707"
    height="10"
    width="10"
    x="150"
    y="180"
  />
  <rect
    fill="#000000"
    height="10"
    width="10"
    x="160"
    y="180"
  />
  <rect
    fill="#903707"
    height="10"
    width="10"
    x="170"
    y="180"
  />
  <rect
    fill="#9f4b27"
    height="10"
    width="70"
    x="180"
    y="180"
  />
  <rect
    fill="#9f4b27"
    height="10"
    width="70"
    x="80"
    y="190"
  />
  <rect
    fill="#903707"
    height="10"
    width="10"
    x="150"
    y="190"
  />
  <rect
    fill="#000000"
    height="10"
    width="10"
    x="160"
    y="190"
  />
  <rect
    fill="#903707"
    height="10"
    width="10"
    x="170"
    y="190"
  />
  <rect
    fill="#9f4b27"
    height="10"
    width="70"
    x="180"
    y="190"
  />
  <rect
    fill="#9f4b27"
    height="10"
    width="60"
    x="90"
    y="200"
  />
  <rect
    fill="#903707"
    height="10"
    width="10"
    x="150"
    y="200"
  />
  <rect
    fill="#000000"
    height="10"
    width="10"
    x="160"
    y="200"
  />
  <rect
    fill="#903707"
    height="10"
    width="10"
    x="170"
    y="200"
  />
  <rect
    fill="#9f4b27"
    height="10"
    width="60"
    x="180"
    y="200"
  />
  <rect
    fill="#9f4b27"
    height="10"
    width="50"
    x="100"
    y="210"
  />
  <rect
    fill="#903707"
    height="10"
    width="10"
    x="150"
    y="210"
  />
  <rect
    fill="#6e3206"
    height="10"
    width="10"
    x="160"
    y="210"
  />
  <rect
    fill="#903707"
    height="10"
    width="10"
    x="170"
    y="210"
  />
  <rect
    fill="#9f4b27"
    height="10"
    width="50"
    x="180"
    y="210"
  />
  <rect
    fill="#9f4b27"
    height="10"
    width="40"
    x="120"
    y="220"
  />
  <rect
    fill="#9f4b27"
    height="10"
    width="40"
    x="170"
    y="220"
  />
</svg>
`;

exports[`NounHead > renders with NounHead with bounds fit 1`] = `
<svg
  height="180"
  shape-rendering="crispEdges"
  viewBox="80 50 170 180"
  width="170"
  xmlns="http://www.w3.org/2000/svg"
>
  <rect
    fill="#9f4b27"
    height="10"
    width="40"
    x="120"
    y="50"
  />
  <rect
    fill="#9f4b27"
    height="10"
    width="40"
    x="170"
    y="50"
  />
  <rect
    fill="#9f4b27"
    height="10"
    width="50"
    x="100"
    y="60"
  />
  <rect
    fill="#903707"
    height="10"
    width="10"
    x="150"
    y="60"
  />
  <rect
    fill="#6e3206"
    height="10"
    width="10"
    x="160"
    y="60"
  />
  <rect
    fill="#903707"
    height="10"
    width="10"
    x="170"
    y="60"
  />
  <rect
    fill="#9f4b27"
    height="10"
    width="50"
    x="180"
    y="60"
  />
  <rect
    fill="#9f4b27"
    height="10"
    width="20"
    x="90"
    y="70"
  />
  <rect
    fill="#903707"
    height="10"
    width="10"
    x="110"
    y="70"
  />
  <rect
    fill="#9f4b27"
    height="10"
    width="30"
    x="120"
    y="70"
  />
  <rect
    fill="#903707"
    height="10"
    width="10"
    x="150"
    y="70"
  />
  <rect
    fill="#000000"
    height="10"
    width="10"
    x="160"
    y="70"
  />
  <rect
    fill="#903707"
    height="10"
    width="10"
    x="170"
    y="70"
  />
  <rect
    fill="#9f4b27"
    height="10"
    width="60"
    x="180"
    y="70"
  />
  <rect
    fill="#9f4b27"
    height="10"
    width="20"
    x="80"
    y="80"
  />
  <rect
    fill="#903707"
    height="10"
    width="10"
    x="100"
    y="80"
  />
  <rect
    fill="#9f4b27"
    height="10"
    width="40"
    x="110"
    y="80"
  />
  <rect
    fill="#903707"
    height="10"
    width="10"
    x="150"
    y="80"
  />
  <rect
    fill="#000000"
    height="10"
    width="10"
    x="160"
    y="80"
  />
  <rect
    fill="#903707"
    height="10"
    width="10"
    x="170"
    y="80"
  />
  <rect
    fill="#9f4b27"
    height="10"
    width="70"
    x="180"
    y="80"
  />
  <rect
    fill="#9f4b27"
    height="10"
    width="10"
    x="80"
    y="90"
  />
  <rect
    fill="#903707"
    height="10"
    width="10"
    x="90"
    y="90"
  />
  <rect
    fill="#9f4b27"
    height="10"
    width="50"
    x="100"
    y="90"
  />
  <rect
    fill="#903707"
    height="10"
    width="10"
    x="150"
    y="90"
  />
  <rect
    fill="#000000"
    height="10"
    width="10"
    x="160"
    y="90"
  />
  <rect
    fill="#903707"
    height="10"
    width="10"
    x="170"
    y="90"
  />
  <rect
    fill="#9f4b27"
    height="10"
    width="70"
    x="180"
    y="90"
  />
  <rect
    fill="#9f4b27"
    height="10"
    width="10"
    x="80"
    y="100"
  />
  <rect
    fill="#903707"
    height="10"
    width="10"
    x="90"
    y="100"
  />
  <rect
    fill="#9f4b27"
    height="10"
    width="50"
    x="100"
    y="100"
  />
  <rect
    fill="#903707"
    height="10"
    width="10"
    x="150"
    y="100"
  />
  <rect
    fill="#000000"
    height="10"
    width="10"
    x="160"
    y="100"
  />
  <rect
    fill="#903707"
    height="10"
    width="10"
    x="170"
    y="100"
  />
  <rect
    fill="#9f4b27"
    height="10"
    width="70"
    x="180"
    y="100"
  />
  <rect
    fill="#9f4b27"
    height="10"
    width="10"
    x="80"
    y="110"
  />
  <rect
    fill="#903707"
    height="10"
    width="10"
    x="90"
    y="110"
  />
  <rect
    fill="#9f4b27"
    height="10"
    width="50"
    x="100"
    y="110"
  />
  <rect
    fill="#903707"
    height="10"
    width="10"
    x="150"
    y="110"
  />
  <rect
    fill="#000000"
    height="10"
    width="10"
    x="160"
    y="110"
  />
  <rect
    fill="#903707"
    height="10"
    width="10"
    x="170"
    y="110"
  />
  <rect
    fill="#9f4b27"
    height="10"
    width="70"
    x="180"
    y="110"
  />
  <rect
    fill="#9f4b27"
    height="10"
    width="70"
    x="80"
    y="120"
  />
  <rect
    fill="#903707"
    height="10"
    width="10"
    x="150"
    y="120"
  />
  <rect
    fill="#000000"
    height="10"
    width="10"
    x="160"
    y="120"
  />
  <rect
    fill="#903707"
    height="10"
    width="10"
    x="170"
    y="120"
  />
  <rect
    fill="#9f4b27"
    height="10"
    width="70"
    x="180"
    y="120"
  />
  <rect
    fill="#9f4b27"
    height="10"
    width="70"
    x="80"
    y="130"
  />
  <rect
    fill="#903707"
    height="10"
    width="10"
    x="150"
    y="130"
  />
  <rect
    fill="#000000"
    height="10"
    width="10"
    x="160"
    y="130"
  />
  <rect
    fill="#903707"
    height="10"
    width="10"
    x="170"
    y="130"
  />
  <rect
    fill="#9f4b27"
    height="10"
    width="70"
    x="180"
    y="130"
  />
  <rect
    fill="#9f4b27"
    height="10"
    width="70"
    x="80"
    y="140"
  />
  <rect
    fill="#903707"
    height="10"
    width="10"
    x="150"
    y="140"
  />
  <rect
    fill="#000000"
    height="10"
    width="10"
    x="160"
    y="140"
  />
  <rect
    fill="#903707"
    height="10"
    width="10"
    x="170"
    y="140"
  />
  <rect
    fill="#9f4b27"
    height="10"
    width="70"
    x="180"
    y="140"
  />
  <rect
    fill="#9f4b27"
    height="10"
    width="70"
    x="80"
    y="150"
  />
  <rect
    fill="#903707"
    height="10"
    width="10"
    x="150"
    y="150"
  />
  <rect
    fill="#000000"
    height="10"
    width="10"
    x="160"
    y="150"
  />
  <rect
    fill="#903707"
    height="10"
    width="10"
    x="170"
    y="150"
  />
  <rect
    fill="#9f4b27"
    height="10"
    width="70"
    x="180"
    y="150"
  />
  <rect
    fill="#9f4b27"
    height="10"
    width="70"
    x="80"
    y="160"
  />
  <rect
    fill="#903707"
    height="10"
    width="10"
    x="150"
    y="160"
  />
  <rect
    fill="#000000"
    height="10"
    width="10"
    x="160"
    y="160"
  />
  <rect
    fill="#903707"
    height="10"
    width="10"
    x="170"
    y="160"
  />
  <rect
    fill="#9f4b27"
    height="10"
    width="70"
    x="180"
    y="160"
  />
  <rect
    fill="#9f4b27"
    height="10"
    width="70"
    x="80"
    y="170"
  />
  <rect
    fill="#903707"
    height="10"
    width="10"
    x="150"
    y="170"
  />
  <rect
    fill="#000000"
    height="10"
    width="10"
    x="160"
    y="170"
  />
  <rect
    fill="#903707"
    height="10"
    width="10"
    x="170"
    y="170"
  />
  <rect
    fill="#9f4b27"
    height="10"
    width="70"
    x="180"
    y="170"
  />
  <rect
    fill="#9f4b27"
    height="10"
    width="40"
    x="80"
    y="180"
  />
  <rect
    fill="#000000"
    height="10"
    width="30"
    x="120"
    y="180"
  />
  <rect
    fill="#903707"
    height="10"
    width="10"
    x="150"
    y="180"
  />
  <rect
    fill="#000000"
    height="10"
    width="10"
    x="160"
    y="180"
  />
  <rect
    fill="#903707"
    height="10"
    width="10"
    x="170"
    y="180"
  />
  <rect
    fill="#9f4b27"
    height="10"
    width="70"
    x="180"
    y="180"
  />
  <rect
    fill="#9f4b27"
    height="10"
    width="70"
    x="80"
    y="190"
  />
  <rect
    fill="#903707"
    height="10"
    width="10"
    x="150"
    y="190"
  />
  <rect
    fill="#000000"
    height="10"
    width="10"
    x="160"
    y="190"
  />
  <rect
    fill="#903707"
    height="10"
    width="10"
    x="170"
    y="190"
  />
  <rect
    fill="#9f4b27"
    height="10"
    width="70"
    x="180"
    y="190"
  />
  <rect
    fill="#9f4b27"
    height="10"
    width="60"
    x="90"
    y="200"
  />
  <rect
    fill="#903707"
    height="10"
    width="10"
    x="150"
    y="200"
  />
  <rect
    fill="#000000"
    height="10"
    width="10"
    x="160"
    y="200"
  />
  <rect
    fill="#903707"
    height="10"
    width="10"
    x="170"
    y="200"
  />
  <rect
    fill="#9f4b27"
    height="10"
    width="60"
    x="180"
    y="200"
  />
  <rect
    fill="#9f4b27"
    height="10"
    width="50"
    x="100"
    y="210"
  />
  <rect
    fill="#903707"
    height="10"
    width="10"
    x="150"
    y="210"
  />
  <rect
    fill="#6e3206"
    height="10"
    width="10"
    x="160"
    y="210"
  />
  <rect
    fill="#903707"
    height="10"
    width="10"
    x="170"
    y="210"
  />
  <rect
    fill="#9f4b27"
    height="10"
    width="50"
    x="180"
    y="210"
  />
  <rect
    fill="#9f4b27"
    height="10"
    width="40"
    x="120"
    y="220"
  />
  <rect
    fill="#9f4b27"
    height="10"
    width="40"
    x="170"
    y="220"
  />
</svg>
`;
